* installing *source* package ‘bloomjoin’ ...
** this is package ‘bloomjoin’ version ‘1.0.0’
** using staged installation
** libs
using C++ compiler: ‘Apple clang version 17.0.0 (clang-1700.4.4.1)’
using SDK: ‘MacOSX26.1.sdk’
clang++ -arch arm64 -std=gnu++20 -I"/Library/Frameworks/R.framework/Resources/include" -DNDEBUG  -I'/Library/Frameworks/R.framework/Versions/4.6/Resources/library/Rcpp/include' -I/opt/R/arm64/include    -fPIC  -falign-functions=64 -Wall -g -O2   -c BloomFilter.cpp -o BloomFilter.o
clang++ -arch arm64 -std=gnu++20 -I"/Library/Frameworks/R.framework/Resources/include" -DNDEBUG  -I'/Library/Frameworks/R.framework/Versions/4.6/Resources/library/Rcpp/include' -I/opt/R/arm64/include    -fPIC  -falign-functions=64 -Wall -g -O2   -c RcppExports.cpp -o RcppExports.o
clang++ -arch arm64 -std=gnu++20 -I"/Library/Frameworks/R.framework/Resources/include" -DNDEBUG  -I'/Library/Frameworks/R.framework/Versions/4.6/Resources/library/Rcpp/include' -I/opt/R/arm64/include    -fPIC  -falign-functions=64 -Wall -g -O2   -c hash_keys.cpp -o hash_keys.o
clang++ -arch arm64 -std=gnu++20 -dynamiclib -Wl,-headerpad_max_install_names -undefined dynamic_lookup -L/Library/Frameworks/R.framework/Resources/lib -L/opt/R/arm64/lib -o bloomjoin.so BloomFilter.o RcppExports.o hash_keys.o -F/Library/Frameworks/R.framework/.. -framework R
installing to /Users/soodoku/Documents/GitHub/bloomjoin/bloomjoin.Rcheck/00LOCK-bloomjoin/00new/bloomjoin/libs
** R
** inst
** byte-compile and prepare package for lazy loading
** help
*** installing help indices
** building package indices
** installing vignettes
** testing if installed package can be loaded from temporary location
** checking absolute paths in shared objects and dynamic libraries
** testing if installed package can be loaded from final location
** testing if installed package keeps a record of temporary installation path
* DONE (bloomjoin)
